// Jest Snapshot v1, https://goo.gl/fbAQLP

exports[`ButtonsArea.vue should match snapshot 1`] = `"<div class="text-center v-card v-sheet theme--light"></div>"`;
